2026-09-27T22:13:35Z === poll tick 22:13:35 ===
2026-09-27T22:13:41Z FILED: {"ok":true,"id":"260928-061344-HEME","ts":"2026-09-27T22:13:44.499Z","bj":"2026-09-28 06:13:44"}
2026-09-27T22:13:44Z tagWallet=0 XRP feederNew=8 tia=39550741219 utia
2026-09-27T22:13:46Z holdings snapshot saved
2026-09-27T22:13:46Z tick complete
2026-09-27T22:15:15Z === poll tick 22:15:15 ===
2026-09-27T22:15:21Z FILED: {"ok":true,"id":"260928-061523-4KF4","ts":"2026-09-27T22:15:23.798Z","bj":"2026-09-28 06:15:23"}
2026-09-27T22:15:24Z tagWallet=0 XRP feederNew=8 tia=39550741219 utia
2026-09-27T22:15:24Z tick complete
2026-09-27T22:27:38Z === poll tick 22:27:38 ===
2026-09-27T22:27:43Z tagWallet=0 XRP feederNew=0 tia=39550741219 utia
2026-09-27T22:27:43Z tick complete
2026-09-27T22:33:11Z === poll tick 22:33:11 ===
2026-09-27T22:33:20Z tagWallet=0 XRP feederNew=0 tia=39550741219 utia
2026-09-27T22:33:20Z tick complete
2026-09-27T22:44:42Z === poll tick 22:44:42 ===
2026-09-27T22:44:46Z tagWallet=0 XRP feederNew=0 tia=39550741219 utia
2026-09-27T22:44:46Z tick complete
2026-09-27T22:48:09Z === poll tick 22:48:09 ===
2026-09-27T22:48:16Z tagWallet=0 XRP feederNew=0 tia=39550741219 utia
2026-09-27T22:48:16Z tick complete
2026-09-28T00:15:35Z === poll tick 00:15:35 ===
2026-09-28T00:15:42Z tagWallet=0 XRP feederNew=0 tia=39550741219 utia
2026-09-28T00:15:44Z balance snapshot saved
2026-09-28T00:15:44Z tick complete
